[debug] [2026-06-10T07:04:50.209Z] ----------------------------------------------------------------------
[debug] [2026-06-10T07:04:50.211Z] Command:       /Users/sofiyaulianova/.nvm/versions/node/v20.15.1/bin/node /Users/sofiyaulianova/.nvm/versions/node/v20.15.1/bin/firebase deploy
[debug] [2026-06-10T07:04:50.211Z] CLI Version:   13.15.0
[debug] [2026-06-10T07:04:50.212Z] Platform:      darwin
[debug] [2026-06-10T07:04:50.212Z] Node Version:  v20.15.1
[debug] [2026-06-10T07:04:50.212Z] Time:          Wed Jun 10 2026 12:04:50 GMT+0500 (Yekaterinburg Standard Time)
[debug] [2026-06-10T07:04:50.212Z] ----------------------------------------------------------------------
[debug] 
[debug] [2026-06-10T07:04:50.214Z] >>> [apiv2][query] GET https://firebase-public.firebaseio.com/cli.json [none]
[debug] [2026-06-10T07:04:50.293Z] Object ".extensions" in "firebase.json" has unknown property: {"additionalProperty":"mailersend-email"}
[debug] [2026-06-10T07:04:50.297Z] > command requires scopes: ["email","openid","https://www.googleapis.com/auth/cloudplatformprojects.readonly","https://www.googleapis.com/auth/firebase","https://www.googleapis.com/auth/cloud-platform"]
[debug] [2026-06-10T07:04:50.297Z] > authorizing via signed-in user (ulianova.sofi@gmail.com)
[debug] [2026-06-10T07:04:50.297Z] [iam] checking project flearn-6b617 for permissions ["datastore.indexes.create","datastore.indexes.delete","datastore.indexes.list","datastore.indexes.update","firebase.projects.get","firebasehosting.sites.update",null]
[debug] [2026-06-10T07:04:50.297Z] > refreshing access token with scopes: []
[debug] [2026-06-10T07:04:50.298Z] >>> [apiv2][query] POST https://www.googleapis.com/oauth2/v3/token [none]
[debug] [2026-06-10T07:04:50.298Z] >>> [apiv2][body] POST https://www.googleapis.com/oauth2/v3/token [omitted]
[debug] [2026-06-10T07:04:55.331Z] <<< [apiv2][status] GET https://firebase-public.firebaseio.com/cli.json 200
[debug] [2026-06-10T07:04:55.331Z] <<< [apiv2][body] GET https://firebase-public.firebaseio.com/cli.json {"cloudBuildErrorAfter":1594252800000,"cloudBuildWarnAfter":1590019200000,"defaultNode10After":1594252800000,"minVersion":"3.0.5","node8DeploysDisabledAfter":1613390400000,"node8RuntimeDisabledAfter":1615809600000,"node8WarnAfter":1600128000000}
[debug] [2026-06-10T07:05:54.024Z] *** [apiv2] error from fetch(https://www.googleapis.com/oauth2/v3/token, {"headers":{},"method":"POST","body":{"_overheadLength":545,"_valueLength":212,"_valuesToMeasure":[],"writable":false,"readable":true,"dataSize":0,"maxDataSize":2097152,"pauseStreams":true,"_released":true,"_streams":[],"_currentStream":null,"_insideLoop":false,"_pendingNext":false,"_boundary":"--------------------------758407022667800601943076","_events":{},"_eventsCount":1}}): FetchError: request to https://www.googleapis.com/oauth2/v3/token failed, reason: read ECONNRESET
[debug] [2026-06-10T07:05:54.025Z] [iam] error while checking permissions, command may fail: FirebaseError: Authentication Error: Your credentials are no longer valid. Please run firebase login --reauth

For CI servers and headless environments, generate a new token with firebase login:ci
[debug] [2026-06-10T07:05:54.027Z] > refreshing access token with scopes: []
[debug] [2026-06-10T07:05:54.027Z] >>> [apiv2][query] POST https://www.googleapis.com/oauth2/v3/token [none]
[debug] [2026-06-10T07:05:54.027Z] >>> [apiv2][body] POST https://www.googleapis.com/oauth2/v3/token [omitted]
[debug] [2026-06-10T07:06:54.044Z] *** [apiv2] error from fetch(https://www.googleapis.com/oauth2/v3/token, {"headers":{},"method":"POST","body":{"_overheadLength":545,"_valueLength":212,"_valuesToMeasure":[],"writable":false,"readable":true,"dataSize":0,"maxDataSize":2097152,"pauseStreams":true,"_released":true,"_streams":[],"_currentStream":null,"_insideLoop":false,"_pendingNext":false,"_boundary":"--------------------------815706078247047103076241","_events":{},"_eventsCount":1}}): FetchError: request to https://www.googleapis.com/oauth2/v3/token failed, reason: read ECONNRESET
[debug] [2026-06-10T07:06:54.046Z] Authentication Error: Your credentials are no longer valid. Please run firebase login --reauth

For CI servers and headless environments, generate a new token with firebase login:ci
[error] 
[error] Error: Assertion failed: resolving hosting target of a site with no site name or target name. This should have caused an error earlier
